// Code generated by gensubstate at testdata/simple.go; DO NOT EDIT.

package testdata

import (
	"testing"
)

func NewSubstate(injectors ...Injector) *substate {
	var s substate

	for _, injector := range injectors {
		injector.Inject(&s)
	}

	return &s
}

type Injector interface {
	Inject(*substate)
}

// InjectorFunc defines a convenience type making it easy to implement
// Injectors.
type InjectorFunc func(*substate)

// Inject implements the Injector interface.
func (fn InjectorFunc) Inject(s *substate) {
	fn(s)
}

func WithFooClient(fooClient FooClient) InjectorFunc {
	return func(s *substate) {
		s.fooClient = fooClient
	}
}

func WithBarClient(barClient BarClient) InjectorFunc {
	return func(s *substate) {
		s.barClient = barClient
	}
}

type substate struct {
	fooClient FooClient
	barClient BarClient
}

func (s *substate) FooClient() FooClient {
	return s.fooClient
}
func (s *substate) BarClient() BarClient {
	return s.barClient
}
